---
source: crates/lexer/src/lexer/tests.rs
snapshot_kind: text
---
Ok(
    [
        Lexed {
            kind: Token(
                CHAR,
            ),
            range: 0..3,
        },
        Lexed {
            kind: Token(
                END_OF_FILE,
            ),
            range: 3..3,
        },
    ],
)
