---
source: crates/lexer/src/lexer/tests.rs
snapshot_kind: text
---
Ok(
    [
        Lexed {
            kind: RAW_STRING,
            offset: 0,
        },
        Lexed {
            kind: STRING,
            offset: 8,
        },
        Lexed {
            kind: END_OF_FILE,
            offset: 10,
        },
    ],
)
