---
source: crates/parsing/src/grammar/tests.rs
expression: result
input_file: crates/parsing/src/grammar/inputs/failing/expression/empty-do-in-array.input
---
Input: [ do ]

Start { kind: LiteralExpression }
  Start { kind: LiteralArray }
    Start { kind: Wrapped }
      Token { kind: LeftSquare }
      Start { kind: Separated }
        Start { kind: DoExpression }
          Start { kind: QualifiedDo }
            Token { kind: DoKw }
          Finish
          Token { kind: LayoutStart }
          Start { kind: OneOrMore }
            Start { kind: DoDiscard }
              Error { message: "expected an expression" }
            Finish
          Finish
          Token { kind: LayoutEnd }
        Finish
      Finish
      Token { kind: RightSquare }
    Finish
  Finish
Finish
