---
source: crates/parsing/src/grammar/tests.rs
expression: result
input_file: crates/parsing/src/grammar/inputs/passing/expression/minus-is-operator.input
---
Input: 1 - 2

Start { kind: ExpressionOperatorChain }
  Start { kind: LiteralExpression }
    Token { kind: LiteralInteger }
  Finish
  Start { kind: OperatorPair }
    Start { kind: SymbolOperator }
      Start { kind: QualifiedName }
        Start { kind: NameRef }
          Token { kind: Operator }
        Finish
      Finish
    Finish
    Start { kind: LiteralExpression }
      Token { kind: LiteralInteger }
    Finish
  Finish
Finish
