---
source: crates/parsing/src/grammar/tests.rs
expression: result
input_file: crates/parsing/src/grammar/inputs/failing/expression/empty-do-in-operator.input
---
Input: do + 0

Start { kind: ExpressionOperatorChain }
  Start { kind: DoExpression }
    Start { kind: QualifiedDo }
      Token { kind: DoKw }
    Finish
    Token { kind: LayoutStart }
    Start { kind: OneOrMore }
      Start { kind: DoDiscard }
        Error { message: "expected an expression" }
      Finish
    Finish
    Token { kind: LayoutEnd }
  Finish
  Start { kind: OneOrMore }
    Start { kind: Pair }
      Start { kind: QualifiedName }
        Start { kind: NameRef }
          Token { kind: Operator }
        Finish
      Finish
      Start { kind: LiteralExpression }
        Token { kind: LiteralInteger }
      Finish
    Finish
  Finish
Finish
