---
source: crates/parsing/src/grammar/tests.rs
expression: result
input_file: crates/parsing/src/grammar/inputs/passing/file/role-annotations-and-underscore-types.input
---
Input: module A where

newtype A a b c = c  

type rule A nominal phantom representational

t :: A _ _ _
t = A 1

failed to call end or cancel - started TypeKw 12
