---
source: crates/parsing/src/grammar/tests.rs
expression: result
input_file: crates/parsing/src/grammar/inputs/passing/pattern/false-binder.input
---
Input: false
Start { kind: BinderOperatorChain }
  Start { kind: LiteralBinder }
    Token { kind: LiteralFalse }
  Finish
  Start { kind: OneOrMore }
  Finish
Finish
