---
source: crates/parsing/src/grammar/tests.rs
expression: result
input_file: crates/parsing/src/grammar/inputs/passing/pattern/string-binder.input
---
Input: "hi!"
Start { kind: BinderOperatorChain }
  Start { kind: LiteralBinder }
    Token { kind: LiteralString }
  Finish
  Start { kind: OneOrMore }
  Finish
Finish
