---
source: crates/parsing/src/grammar/tests.rs
expression: result
input_file: crates/parsing/src/grammar/inputs/passing/expression/application.input
---
Input: f x y z

Start { kind: ExpressionOperatorChain }
  Start { kind: ExpressionInfixChain }
    Start { kind: ApplicationExpression }
      Start { kind: VariableExpression }
        Start { kind: QualifiedName }
          Start { kind: NameRef }
            Token { kind: Lower }
          Finish
        Finish
      Finish
      Start { kind: OneOrMore }
        Start { kind: TermArgument }
          Start { kind: VariableExpression }
            Start { kind: QualifiedName }
              Start { kind: NameRef }
                Token { kind: Lower }
              Finish
            Finish
          Finish
        Finish
        Start { kind: TermArgument }
          Start { kind: VariableExpression }
            Start { kind: QualifiedName }
              Start { kind: NameRef }
                Token { kind: Lower }
              Finish
            Finish
          Finish
        Finish
        Start { kind: TermArgument }
          Start { kind: VariableExpression }
            Start { kind: QualifiedName }
              Start { kind: NameRef }
                Token { kind: Lower }
              Finish
            Finish
          Finish
        Finish
      Finish
    Finish
    Start { kind: OneOrMore }
    Finish
  Finish
  Start { kind: OneOrMore }
  Finish
Finish
