---
source: crates/parsing/src/grammar/tests.rs
expression: result
input_file: crates/parsing/src/grammar/inputs/passing/type/operator-name.input
---
Input: (+)

Start { kind: TypeOperatorChain }
  Start { kind: ApplicationType }
    Start { kind: OperatorNameType }
      Start { kind: QualifiedName }
        Start { kind: Wrapped }
          Token { kind: LeftParenthesis }
          Start { kind: NameRef }
            Token { kind: Operator }
          Finish
          Token { kind: RightParenthesis }
        Finish
      Finish
    Finish
    Start { kind: OneOrMore }
    Finish
  Finish
  Start { kind: OneOrMore }
  Finish
Finish
