---
source: tests-integration/tests/checking.rs
expression: snapshot
---
?0[:1] := ?2[:1]
?1[:2] := ?2[:1]
