---
source: tests-integration/tests/resolving.rs
expression: report
---
module DuplicateQualifiedImport

Unqualified Imports:

Qualified Imports:

Library Terms:
  - html is Implicit

Library Types:
  - Css is Implicit
  - Html is Implicit

Exported Terms:

Exported Types:

Local Terms:

Local Types:

Errors:
  - ExistingTerm { existing: (Idx::<File>(14), Idx::<TermItem>(0)), duplicate: (Idx::<File>(13), Idx::<TermItem>(0)) }
  - ExistingType { existing: (Idx::<File>(14), Idx::<TypeItem>(0)), duplicate: (Idx::<File>(13), Idx::<TypeItem>(0)) }
